// Jest Snapshot v1, https://goo.gl/fbAQLP

exports[`Pruebas en <TodoItemDescription /> debe de hacer match con el snapshot 1`] = `
<div>
  <div
    aria-label="item-description"
    class="w-100 p-0"
  >
    <span
      class="h6 v-top "
    >
      prueba todo
    </span>
  </div>
</div>
`;
