// Jest Snapshot v1, https://goo.gl/fbAQLP

exports[`Pruebas en <TodoItemBtn /> debe de hacer match con el snapshot 1`] = `
<div>
  <button
    aria-label="btn-todo"
    class="btn btn-block btn-outline-primary item-btn"
  >
    <i
      class="fa-solid fa-exclamation"
    />
  </button>
</div>
`;
