// Jest Snapshot v1, https://goo.gl/fbAQLP

exports[`Pruebas en <TodoAdd /> debe de hacer match con el snapshot 1`] = `
<div>
  <div
    class="container-fluid"
  >
    <form
      aria-label="form"
    >
      <div
        class="row"
      >
        <div
          class="col"
        >
          <input
            class="form-control align-top"
            name="description"
            placeholder="Add something to do..."
            type="text"
            value=""
          />
        </div>
        <div
          class="col-auto mt-0"
        >
          <button
            class="btn btn btn-primary align-top"
            type="submit"
          >
            Save
          </button>
        </div>
      </div>
    </form>
  </div>
</div>
`;
